HI-TECH Software PICC-18 Compiler V9.80 ()

Linker command line:

--edf=C:\Program Files\HI-TECH Software\PICC-18\9.80\dat\en_msgs.txt -cs \
  -h+dist/default/production\DMCU_2.X.production.sym -z -Q18F2520 -ol.obj \
  -Mdist/default/production/DMCU_2.X.production.map -E1 -ver=PICC-18 \
  -ACODE=00h-07FFFh -ACONST=00h-07FFFh -ASMALLCONST=0600h-06FFhx122 \
  -AMEDIUMCONST=0600h-07FFFh -ACOMRAM=01h-07Fh -AABS1=00h-05FFh \
  -ABIGRAM=01h-05FFh -ARAM=080h-0FFh,0100h-01FFhx5 -ABANK0=080h-0FFh \
  -ABANK1=0100h-01FFh -ABANK2=0200h-02FFh -ABANK3=0300h-03FFh \
  -ABANK4=0400h-04FFh -ABANK5=0500h-05FFh -ASFR=0F80h-0FFFh \
  -preset_vec=00h,intcode=08h,intcodelo,powerup,init,end_init \
  -pramtop=0600h -psmallconst=SMALLCONST -pmediumconst=MEDIUMCONST \
  -pconst=CONST -AFARRAM=00h-00h -ACONFIG=0300000h-030000Dh -pconfig=CONFIG \
  -AIDLOC=0200000h-0200007h -pidloc=IDLOC -AEEDATA=0F00000h-0F000FFh \
  -peeprom_data=EEDATA \
  -prdata=COMRAM,nvrram=COMRAM,nvbit=COMRAM,rbss=COMRAM,rbit=COMRAM \
  -pfarbss=FARRAM,fardata=FARRAM \
  -pintsave_regs=BIGRAM,bigbss=BIGRAM,bigdata=BIGRAM -pbss=RAM \
  -pidata=CODE,irdata=CODE,ibigdata=CODE,ifardata=CODE C:\temp\s2m0.obj \
  dist/default/production\DMCU_2.X.production.obj 

Object code version is 3.10

Machine type is 18F2520

Call graph: (short form)




                Name          Link     Load   Length Selector   Space       Scale
C:\temp\s2m0.obj
                end_init        18       18        4       4     0
                reset_vec        0        0        4       0     0
                config      300000   300000        E  300000     0
dist/default/production\DMCU_2.X.production.obj
                intcode          8        8       10       4     0
                mediumcon     7EFE     7EFE      102    3F7F     0
                text15         7C2      7C2       10       4     0
                text14         7E2      7E2        E       4     0
                intcode_b       1C       1C      2DE       4     0
                text12         622      622       76       4     0
                text11         698      698       60       4     0
                text10         5AC      5AC       76       4     0
                text9          78A      78A       22       4     0
                text8          730      730       32       4     0
                text7          6F8      6F8       38       4     0
                text6          396      396       8C       4     0
                text5          762      762       28       4     0
                text4          4A6      4A6       84       4     0
                text3          7D2      7D2       10       4     0
                text2          52A      52A       82       4     0
                text1          2FA      2FA       9C       4     0
                text0          422      422       84       4     0
                cstackCOM        1        1       22       1     1
                bssCOMRAM       23       23       10       1     1
                cinit          7AC      7AC       16       4     0
                nvCOMRAM        33       33        1       1     1

TOTAL           Name          Link     Load   Length     Space
        CLASS   CODE           
                end_init        18       18        4     0
                intcode          8        8       10     0
                reset_vec        0        0        4     0
                text15         7C2      7C2       10     0
                text14         7E2      7E2        E     0
                intcode_b       1C       1C      2DE     0
                text12         622      622       76     0
                text11         698      698       60     0
                text10         5AC      5AC       76     0
                text9          78A      78A       22     0
                text8          730      730       32     0
                text7          6F8      6F8       38     0
                text6          396      396       8C     0
                text5          762      762       28     0
                text4          4A6      4A6       84     0
                text3          7D2      7D2       10     0
                text2          52A      52A       82     0
                text1          2FA      2FA       9C     0
                text0          422      422       84     0
                cinit          7AC      7AC       16     0

        CLASS   CONST          

        CLASS   SMALLCONST     

        CLASS   MEDIUMCONST    
                mediumcon     7EFE     7EFE      102     0

        CLASS   COMRAM         
                cstackCOM        1        1       22     1
                bssCOMRAM       23       23       10     1
                nvCOMRAM        33       33        1     1

        CLASS   ABS1           

        CLASS   BIGRAM         

        CLASS   RAM            

        CLASS   BANK0          

        CLASS   BANK1          

        CLASS   BANK2          

        CLASS   BANK3          

        CLASS   BANK4          

        CLASS   BANK5          

        CLASS   SFR            

        CLASS   FARRAM         

        CLASS   CONFIG         
                config      300000   300000        E     0

        CLASS   IDLOC          

        CLASS   EEDATA         



SEGMENTS        Name            Load    Length   Top    Selector   Space  Class

                reset_vec       000000  000004  000004         0       0  CODE    
                cstackCOMRAM    000001  000033  000034         1       1  COMRAM  
                intcode         000008  0007E8  0007F0         4       0  CODE    
                mediumconst     007EFE  000102  008000      3F7F       0  MEDIUMCO
                config          300000  00000E  30000E    300000       0  CONFIG  


UNUSED ADDRESS RANGES

        Name                Unused          Largest block    Delta
        BANK0            000080-0000FF               80
        BANK1            000100-0001FF              100
        BANK2            000200-0002FF              100
        BANK3            000300-0003FF              100
        BANK4            000400-0004FF              100
        BANK5            000500-0005FF              100
        BIGRAM           000034-0005FF              5CC
        CODE             000004-000007                4
                         0007F0-007EFD             770E
        COMRAM           000034-00007F               4C
        CONST            000004-000007                4
                         0007F0-007EFD             770E
        EEDATA           F00000-F000FF              100
        IDLOC            200000-200007                8
        MEDIUMCONST      0007F0-007EFD             770E
        RAM              000080-0005FF              100
        SFR              000F80-000FFF               80
        SMALLCONST       0007F0-007EFD              100

                                  Symbol Table

??_adc                    cstackCOMRAM 000014
??_getBat                 cstackCOMRAM 000016
??_getCRC8                cstackCOMRAM 000014
??_getDc                  cstackCOMRAM 000016
??_getPowerLine           cstackCOMRAM 000016
??_init                   cstackCOMRAM 000012
??_isPressedDs1990        cstackCOMRAM 000013
??_main                   cstackCOMRAM 000022
??_outByteWire            cstackCOMRAM 000013
??_readByteWire           cstackCOMRAM 000012
??_resetWire              cstackCOMRAM 000012
??_setRX                  cstackCOMRAM 000012
??_setTX                  cstackCOMRAM 000001
??_uart                   cstackCOMRAM 000001
??_writeReadDs1990        cstackCOMRAM 000017
??i2_setRX                cstackCOMRAM 000001
?_adc                     cstackCOMRAM 000012
?_getBat                  cstackCOMRAM 000001
?_getCRC8                 cstackCOMRAM 000012
?_getDc                   cstackCOMRAM 000001
?_getPowerLine            cstackCOMRAM 000001
?_init                    cstackCOMRAM 000001
?_isPressedDs1990         cstackCOMRAM 000001
?_main                    cstackCOMRAM 00001D
?_outByteWire             cstackCOMRAM 000012
?_readByteWire            cstackCOMRAM 000001
?_resetWire               cstackCOMRAM 000001
?_setRX                   cstackCOMRAM 000001
?_setTX                   cstackCOMRAM 000001
?_uart                    cstackCOMRAM 000001
?_writeReadDs1990         cstackCOMRAM 000001
?i2_setRX                 cstackCOMRAM 000001
_ADCON0                   (abs)        000FC2
_ADCON1                   (abs)        000FC1
_ADCON2                   (abs)        000FC0
_ADRESH                   (abs)        000FC4
_ADRESL                   (abs)        000FC3
_CMCON                    (abs)        000FB4
_CRCTAB                   mediumconst  007EFE
_FSR1H                    (abs)        000FE2
_FSR2H                    (abs)        000FDA
_GIE                      (abs)        007F97
_GO                       (abs)        007E11
_INTCON                   (abs)        000FF2
_INTCON2                  (abs)        000FF1
_INTCON3                  (abs)        000FF0
_LATA                     (abs)        000F89
_LATB                     (abs)        000F8A
_LATC                     (abs)        000F8B
_PIE1                     (abs)        000F9D
_PIE1bits                 (abs)        000F9D
_PORTA                    (abs)        000F80
_PORTAbits                (abs)        000F80
_PORTB                    (abs)        000F81
_PORTBbits                (abs)        000F81
_PORTC                    (abs)        000F82
_PORTCbits                (abs)        000F82
_RCIF                     (abs)        007CF5
_RCREG                    (abs)        000FAE
_RCSTA                    (abs)        000FAB
_RCSTA1bits               (abs)        000FAB
_RCSTAbits                (abs)        000FAB
_SPBRG                    (abs)        000FAF
_T0CON                    (abs)        000FD5
_T1CON                    (abs)        000FCD
_T2CON                    (abs)        000FCA
_TMR0                     (abs)        000FD6
_TMR0IE                   (abs)        007F95
_TMR0IF                   (abs)        007F92
_TRISA                    (abs)        000F92
_TRISB                    (abs)        000F93
_TRISBbits                (abs)        000F93
_TRISC                    (abs)        000F94
_TXIF                     (abs)        007CF4
_TXREG                    (abs)        000FAD
_TXSTA                    (abs)        000FAC
_TXSTAbits                (abs)        000FAC
_WREG                     (abs)        000FE8
__CFG_BOREN$SBORDIS       (abs)        000000
__CFG_BORV$3              (abs)        000000
__CFG_CCP2MX$PORTC        (abs)        000000
__CFG_CP0$OFF             (abs)        000000
__CFG_CP1$OFF             (abs)        000000
__CFG_CP2$OFF             (abs)        000000
__CFG_CP3$OFF             (abs)        000000
__CFG_CPB$OFF             (abs)        000000
__CFG_CPD$OFF             (abs)        000000
__CFG_EBTR0$OFF           (abs)        000000
__CFG_EBTR1$OFF           (abs)        000000
__CFG_EBTR2$OFF           (abs)        000000
__CFG_EBTR3$OFF           (abs)        000000
__CFG_EBTRB$OFF           (abs)        000000
__CFG_FCMEN$OFF           (abs)        000000
__CFG_IESO$OFF            (abs)        000000
__CFG_LPT1OSC$OFF         (abs)        000000
__CFG_LVP$OFF             (abs)        000000
__CFG_MCLRE$ON            (abs)        000000
__CFG_OSC$HS              (abs)        000000
__CFG_PBADEN$ON           (abs)        000000
__CFG_PWRT$OFF            (abs)        000000
__CFG_STVREN$ON           (abs)        000000
__CFG_WDT$OFF             (abs)        000000
__CFG_WDTPS$128           (abs)        000000
__CFG_WRT0$OFF            (abs)        000000
__CFG_WRT1$OFF            (abs)        000000
__CFG_WRT2$OFF            (abs)        000000
__CFG_WRT3$OFF            (abs)        000000
__CFG_WRTB$OFF            (abs)        000000
__CFG_WRTC$OFF            (abs)        000000
__CFG_WRTD$OFF            (abs)        000000
__CFG_XINST$OFF           (abs)        000000
__HRAM                    (abs)        000000
__Habs1                   abs1         000000
__Hbank0                  bank0        000000
__Hbank1                  bank1        000000
__Hbank2                  bank2        000000
__Hbank3                  bank3        000000
__Hbank4                  bank4        000000
__Hbank5                  bank5        000000
__Hbigbss                 bigbss       000000
__Hbigdata                bigdata      000000
__Hbigram                 bigram       000000
__Hbss                    bss          000000
__HbssCOMRAM              bssCOMRAM    000000
__Hcinit                  cinit        000000
__Hclrtext                clrtext      000000
__Hcomram                 comram       000000
__Hconfig                 config       30000E
__Hconst                  const        000000
__HcstackCOMRAM           cstackCOMRAM 000000
__Hdata                   data         000000
__Heeprom_data            eeprom_data  000000
__Hend_init               end_init     00001C
__Hfarbss                 farbss       000000
__Hfardata                fardata      000000
__Hibigdata               ibigdata     000000
__Hidata                  idata        000000
__Hidloc                  idloc        000000
__Hifardata               ifardata     000000
__Hinit                   init         000018
__Hintcode                intcode      000018
__Hintcode_body           intcode_body 000000
__Hintcodelo              intcodelo    000018
__Hintentry               intentry     000000
__Hintret                 intret       000000
__Hintsave_regs           intsave_regs 000000
__Hirdata                 irdata       000000
__Hmediumconst            mediumconst  008000
__HnvCOMRAM               nvCOMRAM     000000
__Hnvbit                  nvbit        000000
__Hnvrram                 nvrram       000000
__Hparam                  rparam       000000
__Hpowerup                powerup      000018
__Hram                    ram          000000
__Hramtop                 ramtop       000600
__Hrbit                   rbit         000000
__Hrbss                   rbss         000000
__Hrdata                  rdata        000000
__Hreset_vec              reset_vec    000004
__Hrparam                 rparam       000000
__Hsfr                    sfr          000000
__Hsmallconst             smallconst   000000
__Hstruct                 struct       000000
__Htemp                   temp         000000
__Htext                   text         000000
__Htext0                  text0        000000
__Htext1                  text1        000000
__Htext10                 text10       000000
__Htext11                 text11       000000
__Htext12                 text12       000000
__Htext14                 text14       000000
__Htext15                 text15       000000
__Htext2                  text2        000000
__Htext3                  text3        000000
__Htext4                  text4        000000
__Htext5                  text5        000000
__Htext6                  text6        000000
__Htext7                  text7        000000
__Htext8                  text8        000000
__Htext9                  text9        000000
__LRAM                    (abs)        000001
__Labs1                   abs1         000000
__Lbank0                  bank0        000000
__Lbank1                  bank1        000000
__Lbank2                  bank2        000000
__Lbank3                  bank3        000000
__Lbank4                  bank4        000000
__Lbank5                  bank5        000000
__Lbigbss                 bigbss       000000
__Lbigdata                bigdata      000000
__Lbigram                 bigram       000000
__Lbss                    bss          000000
__LbssCOMRAM              bssCOMRAM    000000
__Lcinit                  cinit        000000
__Lclrtext                clrtext      000000
__Lcomram                 comram       000000
__Lconfig                 config       300000
__Lconst                  const        000000
__LcstackCOMRAM           cstackCOMRAM 000000
__Ldata                   data         000000
__Leeprom_data            eeprom_data  000000
__Lend_init               end_init     000018
__Lfarbss                 farbss       000000
__Lfardata                fardata      000000
__Libigdata               ibigdata     000000
__Lidata                  idata        000000
__Lidloc                  idloc        000000
__Lifardata               ifardata     000000
__Linit                   init         000018
__Lintcode                intcode      000008
__Lintcode_body           intcode_body 000000
__Lintcodelo              intcodelo    000018
__Lintentry               intentry     000000
__Lintret                 intret       000000
__Lintsave_regs           intsave_regs 000000
__Lirdata                 irdata       000000
__Lmediumconst            mediumconst  007EFE
__LnvCOMRAM               nvCOMRAM     000000
__Lnvbit                  nvbit        000000
__Lnvrram                 nvrram       000000
__Lparam                  rparam       000000
__Lpowerup                powerup      000018
__Lram                    ram          000000
__Lramtop                 ramtop       000600
__Lrbit                   rbit         000000
__Lrbss                   rbss         000000
__Lrdata                  rdata        000000
__Lreset_vec              reset_vec    000000
__Lrparam                 rparam       000000
__Lsfr                    sfr          000000
__Lsmallconst             smallconst   000000
__Lstruct                 struct       000000
__Ltemp                   temp         000000
__Ltext                   text         000000
__Ltext0                  text0        000000
__Ltext1                  text1        000000
__Ltext10                 text10       000000
__Ltext11                 text11       000000
__Ltext12                 text12       000000
__Ltext14                 text14       000000
__Ltext15                 text15       000000
__Ltext2                  text2        000000
__Ltext3                  text3        000000
__Ltext4                  text4        000000
__Ltext5                  text5        000000
__Ltext6                  text6        000000
__Ltext7                  text7        000000
__Ltext8                  text8        000000
__Ltext9                  text9        000000
__S0                      (abs)        30000E
__S1                      (abs)        000034
__accesstop               (abs)        000080
__activetblptr            (abs)        000002
__end_of_adc              text8        000762
__end_of_getBat           text4        00052A
__end_of_getCRC8          text10       000622
__end_of_getDc            text5        00078A
__end_of_getPowerLine     text1        000396
__end_of_init             text2        0005AC
__end_of_isPressedDs1990  text7        000730
__end_of_main             text0        0004A6
__end_of_outByteWire      text11       0006F8
__end_of_readByteWire     text12       000698
__end_of_resetWire        text9        0007AC
__end_of_setRX            text3        0007E2
__end_of_setTX            text14       0007F0
__end_of_uart             intcode_body 0002FA
__end_of_writeReadDs1990  text6        000422
__end_ofi2_setRX          text15       0007D2
__mediumconst             mediumconst  007EFE
__pbssCOMRAM              bssCOMRAM    000023
__pcinit                  cinit        0007AC
__pcstackCOMRAM           cstackCOMRAM 000001
__pintcode                intcode      000008
__pintcode_body           intcode_body 00001C
__pmediumconst            mediumconst  007EFE
__pnvCOMRAM               nvCOMRAM     000033
__ptext0                  text0        000422
__ptext1                  text1        0002FA
__ptext10                 text10       0005AC
__ptext11                 text11       000698
__ptext12                 text12       000622
__ptext14                 text14       0007E2
__ptext15                 text15       0007C2
__ptext2                  text2        00052A
__ptext3                  text3        0007D2
__ptext4                  text4        0004A6
__ptext5                  text5        000762
__ptext6                  text6        000396
__ptext7                  text7        0006F8
__ptext8                  text8        000730
__ptext9                  text9        00078A
__ramtop                  ramtop       000600
__size_of_adc             (abs)        000000
__size_of_getBat          (abs)        000000
__size_of_getCRC8         (abs)        000000
__size_of_getDc           (abs)        000000
__size_of_getPowerLine    (abs)        000000
__size_of_init            (abs)        000000
__size_of_isPressedDs1990 (abs)        000000
__size_of_main            (abs)        000000
__size_of_outByteWire     (abs)        000000
__size_of_readByteWire    (abs)        000000
__size_of_resetWire       (abs)        000000
__size_of_setRX           (abs)        000000
__size_of_setTX           (abs)        000000
__size_of_uart            (abs)        000000
__size_of_writeReadDs1990 (abs)        000000
__size_ofi2_setRX         (abs)        000000
__smallconst              smallconst   000000
_adc                      text8        000730
_akb                      bssCOMRAM    000025
_dmcuWoR                  bssCOMRAM    000026
_getBat                   text4        0004A6
_getCRC8                  text10       0005AC
_getDc                    text5        000762
_getPowerLine             text1        0002FA
_getPowerLine$632         cstackCOMRAM 000018
_indexOutByte             nvCOMRAM     000033
_init                     text2        00052A
_isPressedDs1990          text7        0006F8
_mSec                     bssCOMRAM    000027
_main                     text0        000422
_outByteWire              text11       000698
_readByteWire             text12       000622
_relay                    bssCOMRAM    000028
_resetWire                text9        00078A
_sec                      bssCOMRAM    000029
_setRX                    text3        0007D2
_setTX                    text14       0007E2
_shunt                    bssCOMRAM    00002A
_state                    bssCOMRAM    000023
_tmValue                  bssCOMRAM    00002B
_uart                     intcode      000008
_writeReadDs1990          text6        000396
adc@an                    cstackCOMRAM 000012
end_of_initialization     cinit        0007B8
getCRC8@CRC               cstackCOMRAM 000015
getCRC8@data              cstackCOMRAM 000012
getCRC8@i                 cstackCOMRAM 000016
getPowerLine@i            cstackCOMRAM 00001B
getPowerLine@result       cstackCOMRAM 00001A
i2_setRX                  text15       0007C2
int_func                  intcode_body 00001C
intlevel0                 text         000000
intlevel1                 text         000000
intlevel2                 text         000000
intlevel3                 text         000000
main@argc                 cstackCOMRAM 00001D
main@argv                 cstackCOMRAM 00001F
outByteWire@data          cstackCOMRAM 000012
outByteWire@i             cstackCOMRAM 000013
readByteWire@i            cstackCOMRAM 000014
readByteWire@t            cstackCOMRAM 000013
start                     init         000018
start_initialization      cinit        0007AC
uart@indexInputData       cstackCOMRAM 000010
uart@nData                cstackCOMRAM 000011
writeReadDs1990@i         cstackCOMRAM 000018
